>> Writing logs to C:\Users\fuful\OneDrive\Desktop\LIGHTOARTS\_render_lighto_tracker\python_install_20260620212920_12712.log
>> Python installation manager 26.2
Copyright (c) Python Software Foundation. All Rights Reserved.

>  Python install manager was successfully updated to 26.2.

Indexes can now be signed to provide tamper detection. When an index signature
is found to be invalid, the operation will be aborted without modifying your system.
See https://docs.python.org/using/windows#index-signatures for more information.

BEGIN install_command.execute: []
>  ********************************************************************************
Reading installs from C:\Users\fuful\OneDrive\Desktop\LIGHTOARTS\_render_lighto_tracker\Python
Found 0 installs
Calculating default install
Filtering installs by tag = 3
tag '3' matched 0 installs
default_platform '-64' matched 0 installs
Reusing unfiltered list
Reading installs from C:\Users\fuful\OneDrive\Desktop\LIGHTOARTS\_render_lighto_tracker\Python
Found 0 installs
Calculating default install
Filtering installs by tag = 3
tag '3' matched 0 installs
default_platform '-64' matched 0 installs
Reusing unfiltered list
Reading installs from C:\Users\fuful\OneDrive\Desktop\LIGHTOARTS\_render_lighto_tracker\Python
Found 0 installs
Reading unmanaged installs
!  Failed to read unmanaged installs: expected str, bytes or os.PathLike object, not NoneType
TRACEBACK:
Traceback (most recent call last):
  File "manage\pathutils.py", line 19, in __init__
AttributeError: 'NoneType' object has no attribute '__fspath__'

During handling of the above exception, another exception occurred:

Traceback (most recent call last):
  File "manage\installs.py", line 109, in get_installs
  File "manage\installs.py", line 59, in _get_unmanaged_installs
  File "manage\pep514utils.py", line 418, in get_unmanaged_installs
  File "manage\pep514utils.py", line 385, in _get_store_installs
  File "manage\pathutils.py", line 21, in __init__
  File "<frozen os>", line 869, in fsdecode
TypeError: expected str, bytes or os.PathLike object, not NoneType

>  To see all available commands, run 'py help'
>  ********************************************************************************
END install_command.execute
!! INTERNAL ERROR: NoInstallsError: No runtimes are installed. Try running "py install default" first.
TRACEBACK:
Traceback (most recent call last):
  File "manage\__init__.py", line 51, in main
  File "manage\commands.py", line 871, in execute
  File "manage\install_command.py", line 795, in execute
  File "manage\scriptutils.py", line 233, in find_install_from_script
  File "manage\scriptutils.py", line 213, in _read_script
  File "manage\scriptutils.py", line 148, in _parse_shebang
  File "manage\scriptutils.py", line 101, in _find_shebang_command
  File "manage\commands.py", line 680, in get_install_to_run
  File "manage\installs.py", line 329, in get_install_to_run
manage.exceptions.NoInstallsError: No runtimes are installed. Try running "py install default" first.

